// Jest Snapshot v1, https://goo.gl/fbAQLP

exports[`BoardSelection shallow mount 1`] = `
<select
  className="selection"
  onChange={[Function]}
/>
`;
