// Jest Snapshot v1, https://goo.gl/fbAQLP

exports[`NewCardForm that it matches an existing snapshot 1`] = `
<form
  className="new-card-form"
  onSubmit={[Function]}
>
  <div
    className="new-card-form__form"
  >
    <label
      className="new-card-form__form-label"
      htmlFor="text"
    >
      Text: 
    </label>
    <input
      className="new-card-form__form-textarea"
      id="text_form"
      name="text"
      onChange={[Function]}
      type="text"
      value=""
    />
  </div>
  <div
    className="new-card-form__form"
  >
    <label
      htmlFor="emoji"
    >
      Emoji: 
    </label>
    <input
      className="new-card-form__form-textarea"
      id="emoji_form"
      name="emoji"
      onChange={[Function]}
      type="text"
      value=""
    />
  </div>
  <input
    className="new-card-form__form-button"
    type="submit"
    value="Inspire"
  />
</form>
`;
